https://t.me/lokhtinoadmin2: The user's privacy settings do not allow you to do this (caused by InviteToChannelRequest)
https://t.me/lokhtinoadmin2: The provided user is not a mutual contact (caused by InviteToChannelRequest)
https://t.me/lokhtinoadmin2: The provided user is not a mutual contact (caused by InviteToChannelRequest)
https://t.me/lokhtinoadmin2: The provided user is not a mutual contact (caused by InviteToChannelRequest)
